2026-09-29 13:13:08 | Network check | Host=google.com | Port=443 | Status=PORT_REACHABLE
2026-09-29 13:24:33 | Network check | Host=google.com | Status=RESOLVED
2026-09-29 13:24:33 | Network check | Host=google.com | Status=REACHABLE
2026-09-29 13:24:33 | Network check | Host=google.com | Port=443 | Status=PORT_REACHABLE
2026-09-29 13:25:55 | Network check | Host=google.com | Status=RESOLVED
2026-09-29 13:25:55 | Network check | Host=google.com | Status=REACHABLE
2026-09-29 13:26:33 | Network check | Host=google.com | Status=RESOLVED
2026-09-29 13:26:33 | Network check | Host=google.com | Status=REACHABLE
2026-09-29 13:26:33 | Network check | Host=google.com | Port=443 | Status=PORT_REACHABLE
2026-09-29 13:29:22 | Network check | Host=google.com | Status=RESOLVED
2026-09-29 13:29:22 | Network check | Host=google.com | Status=REACHABLE
2026-09-29 13:29:22 | Network check | Host=google.com | Port=443 | Status=PORT_REACHABLE
2026-10-02 11:16:38 | Network check | Host=localhost | Status=RESOLVED
2026-10-02 11:16:38 | Network check | Host=localhost | Status=REACHABLE
2026-10-02 11:16:38 | Network check | Host=localhost | Status=RESOLVED
2026-10-02 11:16:38 | Network check | Host=localhost | Status=REACHABLE
2026-10-02 11:16:38 | Network check | Host=localhost | Status=RESOLVED
2026-10-02 11:16:38 | Network check | Host=localhost | Status=REACHABLE
2026-10-02 11:16:38 | Network check | Host=localhost | Status=RESOLVED
2026-10-02 11:16:38 | Network check | Host=localhost | Status=REACHABLE
2026-10-02 11:24:27 | Network check | Host=localhost | Status=RESOLVED
2026-10-02 11:24:27 | Network check | Host=localhost | Status=REACHABLE
2026-10-02 11:24:27 | Network check | Host=localhost | Status=RESOLVED
2026-10-02 11:24:27 | Network check | Host=localhost | Status=REACHABLE
2026-10-02 11:24:27 | Network check | Host=localhost | Status=RESOLVED
2026-10-02 11:24:27 | Network check | Host=localhost | Status=REACHABLE
2026-10-02 11:24:27 | Network check | Host=localhost | Status=RESOLVED
2026-10-02 11:24:27 | Network check | Host=localhost | Status=REACHABLE
